---
source: demystify/src/problem/parse.rs
expression: k
snapshot_kind: text
---
{
    "mInfo",
    "mLanguage",
    "mStatements",
}
