---
source: demystify-lib/src/problem/parse.rs
expression: k
---
{
    "mInfo",
    "mLanguage",
    "mStatements",
}
